TAP version 13
# Subtest: S2 20,010 user records survive quantity threshold; 400-day boundary and archived pagination are exact
not ok 1 - S2 20,010 user records survive quantity threshold; 400-day boundary and archived pagination are exact
  ---
  duration_ms: 108.766292
  type: 'test'
  location: '/private/tmp/s2-claim-check-WUqnzy/missing-archived-query/test/s2-durability.test.mjs:71:1'
  failureType: 'testCodeFailure'
  error: |-
    mixed archive retained until latest member expires
    
    10000 !== 20010
    
  code: 'ERR_ASSERTION'
  name: 'AssertionError'
  expected: 20010
  actual: 10000
  operator: 'strictEqual'
  stack: |-
    TestContext.<anonymous> (file:///private/tmp/s2-claim-check-WUqnzy/missing-archived-query/test/s2-durability.test.mjs:77:10)
    Test.runInAsyncScope (node:async_hooks:214:14)
    Test.run (node:internal/test_runner/test:1047:25)
    Test.start (node:internal/test_runner/test:944:17)
    startSubtestAfterBootstrap (node:internal/test_runner/harness:296:17)
  ...
1..1
# tests 1
# suites 0
# pass 0
# fail 1
# cancelled 0
# skipped 0
# todo 0
# duration_ms 149.73875
