TAP version 13
# Subtest: S2 administrator HTTP audit, local I/O recovery, consistent private backup and restart
    # Subtest: sensitive reads, exports and backups audit success, missing target, anonymous, disabled and denied requests
    ok 1 - sensitive reads, exports and backups audit success, missing target, anonymous, disabled and denied requests
      ---
      duration_ms: 366.015541
      type: 'test'
      ...
    # Subtest: review and complaint changes stamp the real actor and audit IDs, fields, states, failures and deletions
    not ok 2 - review and complaint changes stamp the real actor and audit IDs, fields, states, failures and deletions
      ---
      duration_ms: 85.278208
      type: 'test'
      location: '/private/tmp/s2-claim-check-WUqnzy/wrong-admin-target/test/s2-admin-runtime.integration.test.mjs:85:11'
      failureType: 'testCodeFailure'
      error: |-
        The expression evaluated to a falsy value:
        
          assert.ok(saved.rows.some(row => row.target === `${kind === 'reviews' ? 'review' : 'feedback'}:${initial.id}`))
        
      code: 'ERR_ASSERTION'
      name: 'AssertionError'
      expected: true
      actual: false
      operator: '=='
      stack: |-
        TestContext.<anonymous> (file:///private/tmp/s2-claim-check-WUqnzy/wrong-admin-target/test/s2-admin-runtime.integration.test.mjs:92:14)
        process.processTicksAndRejections (node:internal/process/task_queues:103:5)
        async Test.run (node:internal/test_runner/test:1054:7)
        async TestContext.<anonymous> (file:///private/tmp/s2-claim-check-WUqnzy/wrong-admin-target/test/s2-admin-runtime.integration.test.mjs:85:3)
        async Test.run (node:internal/test_runner/test:1054:7)
        async startSubtestAfterBootstrap (node:internal/test_runner/harness:296:3)
      ...
    # Subtest: SQLite log failure preserves successful HTTP outcomes in a private queue and restart replays them
    ok 3 - SQLite log failure preserves successful HTTP outcomes in a private queue and restart replays them
      ---
      duration_ms: 175.931042
      type: 'test'
      ...
    # Subtest: HTTP full backup decrypts and restores all runtime tables; private remote failure is not complete success
    ok 4 - HTTP full backup decrypts and restores all runtime tables; private remote failure is not complete success
      ---
      duration_ms: 502.352792
      type: 'test'
      ...
    # Subtest: WebDAV upload is verified through actual HTTP; corrupt readback fails and retry recovers
    ok 5 - WebDAV upload is verified through actual HTTP; corrupt readback fails and retry recovers
      ---
      duration_ms: 326.900958
      type: 'test'
      ...
    1..5
not ok 1 - S2 administrator HTTP audit, local I/O recovery, consistent private backup and restart
  ---
  duration_ms: 1812.281667
  type: 'test'
  location: '/private/tmp/s2-claim-check-WUqnzy/wrong-admin-target/test/s2-admin-runtime.integration.test.mjs:14:1'
  failureType: 'subtestsFailed'
  error: '1 subtest failed'
  code: 'ERR_TEST_FAILURE'
  ...
1..1
# tests 6
# suites 0
# pass 4
# fail 2
# cancelled 0
# skipped 0
# todo 0
# duration_ms 1859.200208
