TAP version 13
# Subtest: S2 log recovery: failed SQLite commits queue durably, survive restart and replay exactly once
ok 1 - S2 log recovery: failed SQLite commits queue durably, survive restart and replay exactly once
  ---
  duration_ms: 29.289791
  type: 'test'
  ...
# Subtest: S2 crash after SQLite commit does not duplicate an event, and hard process death keeps an interrupted intent
ok 2 - S2 crash after SQLite commit does not duplicate an event, and hard process death keeps an interrupted intent
  ---
  duration_ms: 57.955333
  type: 'test'
  ...
# Subtest: S2 unwritable journal refuses admission and corrupted queue remains visible rather than disappearing
ok 3 - S2 unwritable journal refuses admission and corrupted queue remains visible rather than disappearing
  ---
  duration_ms: 2.511
  type: 'test'
  ...
# Subtest: S2 archive requires durable readback before deletion; interruption and disk failure retain source
ok 4 - S2 archive requires durable readback before deletion; interruption and disk failure retain source
  ---
  duration_ms: 97.42025
  type: 'test'
  ...
# Subtest: S2 20,010 user records survive quantity threshold; 400-day boundary and archived pagination are exact
ok 5 - S2 20,010 user records survive quantity threshold; 400-day boundary and archived pagination are exact
  ---
  duration_ms: 591.517417
  type: 'test'
  ...
# Subtest: S2 complete encrypted snapshot includes WAL, runtime JSON, logs and secrets; restore is isolated and sessions revoked
ok 6 - S2 complete encrypted snapshot includes WAL, runtime JSON, logs and secrets; restore is isolated and sessions revoked
  ---
  duration_ms: 354.327334
  type: 'test'
  ...
# Subtest: S2 snapshot gate waits for in-flight mutation and rejects overlap; failed snapshot reopens traffic
ok 7 - S2 snapshot gate waits for in-flight mutation and rejects overlap; failed snapshot reopens traffic
  ---
  duration_ms: 0.362708
  type: 'test'
  ...
# Subtest: S2 entry log archive readback, interruption, disk failure, corrupt input and time-only expiry
ok 8 - S2 entry log archive readback, interruption, disk failure, corrupt input and time-only expiry
  ---
  duration_ms: 58.247625
  type: 'test'
  ...
1..8
# tests 8
# suites 0
# pass 8
# fail 0
# cancelled 0
# skipped 0
# todo 0
# duration_ms 1242.903292
